EN tlc NULL /home/iocoder/school/networks/project/radio_waves/src/tlc.vhd sub00/vhpl00 1457717497
AR tlc behavioral /home/iocoder/school/networks/project/radio_waves/src/tlc.vhd sub00/vhpl01 1457710036
AR tlc structural /home/iocoder/school/networks/project/radio_waves/src/tlc.vhd sub00/vhpl02 1457717498
